// Jest Snapshot v1, https://goo.gl/fbAQLP

exports[`Login page contacts snap shot 1`] = `ShallowWrapper {}`;
